Built from '6000.3/staging' branch; Version is '6000.3.3f1 (ef04196de0d6) revision 15664153'; Using compiler version '194234433'; Build Type 'Release'
[Licensing::Module] Trying to connect to existing licensing client channel...
OS: 'Windows 11  (10.0.26200) 64bit Core' Language: 'en' Physical Memory: 16024 MB
BatchMode: 1, IsHumanControllingUs: 0, StartBugReporterOnCrash: 0, Is64bit: 1
Date: 2026-04-20T17:49:16Z
[Licensing::IpcConnector] Successfully connected to: "LicenseClient-Andres" at "2026-04-20T17:49:16.2598024Z"

COMMAND LINE ARGUMENTS:
C:\Program Files\Unity\Hub\Editor\6000.3.3f1\Editor\Unity.exe
-adb2
-batchMode
-noUpm
-name
AssetImportWorker2
-projectPath
C:/Users/Andres/Desktop/GameJam/My project
-logFile
Logs/AssetImportWorker2.log
-srvPort
62245
-job-worker-count
5
-background-job-worker-count
8
-gc-helper-count
1
-name
AssetImport
Successfully changed project path to: C:/Users/Andres/Desktop/GameJam/My project
C:/Users/Andres/Desktop/GameJam/My project
[UnityMemory] Configuration Parameters - Can be set up in boot.config
    "memorysetup-temp-allocator-size-nav-mesh-worker=65536"
    "memorysetup-temp-allocator-size-audio-worker=65536"
    "memorysetup-temp-allocator-size-gfx=262144"
    "memorysetup-allocator-temp-initial-block-size-main=262144"
    "memorysetup-allocator-temp-initial-block-size-worker=262144"
    "memorysetup-temp-allocator-size-background-worker=32768"
    "memorysetup-temp-allocator-size-job-worker=262144"
    "memorysetup-temp-allocator-size-preload-manager=33554432"
    "memorysetup-temp-allocator-size-gi-baking-worker=262144"
    "memorysetup-temp-allocator-size-gi-baking-worker=262144"
    "memorysetup-temp-allocator-size-gi-baking-worker=262144"
    "memorysetup-temp-allocator-size-gi-baking-worker=262144"
    "memorysetup-temp-allocator-size-gi-baking-worker=262144"
    "memorysetup-bucket-allocator-granularity=16"
    "memorysetup-bucket-allocator-bucket-count=8"
    "memorysetup-bucket-allocator-block-size=33554432"
    "memorysetup-bucket-allocator-block-count=8"
    "memorysetup-main-allocator-block-size=16777216"
    "memorysetup-thread-allocator-block-size=16777216"
    "memorysetup-gfx-main-allocator-block-size=16777216"
    "memorysetup-gfx-thread-allocator-block-size=16777216"
    "memorysetup-cache-allocator-block-size=4194304"
    "memorysetup-typetree-allocator-block-size=2097152"
    "memorysetup-profiler-bucket-allocator-granularity=16"
    "memorysetup-profiler-bucket-allocator-bucket-count=8"
    "memorysetup-profiler-bucket-allocator-block-size=33554432"
    "memorysetup-profiler-bucket-allocator-block-count=8"
    "memorysetup-profiler-allocator-block-size=16777216"
    "memorysetup-profiler-editor-allocator-block-size=1048576"
    "memorysetup-temp-allocator-size-main=16777216"
    "memorysetup-job-temp-allocator-block-size=2097152"
    "memorysetup-job-temp-allocator-block-size-background=1048576"
    "memorysetup-job-temp-allocator-reduction-small-platforms=262144"
    "memorysetup-temp-allocator-size-cloud-worker=32768"
Player connection [24488]  Target information:

Player connection [24488]  * "[IP] 10.3.0.1 [Port] 0 [Flags] 2 [Guid] 3161243279 [EditorId] 3161243279 [Version] 1048832 [Id] WindowsEditor(7,LAPTOP-MVD60SJP) [Debug] 1 [PackageName] WindowsEditor [ProjectName] Editor" 

Player connection [24488]  * "[IP] 10.254.24.74 [Port] 0 [Flags] 2 [Guid] 3161243279 [EditorId] 3161243279 [Version] 1048832 [Id] WindowsEditor(7,LAPTOP-MVD60SJP) [Debug] 1 [PackageName] WindowsEditor [ProjectName] Editor" 

Player connection [24488] Host joined multi-casting on [225.0.0.222:54997]...
Player connection [24488] Host joined alternative multi-casting on [225.0.0.222:34997]...
JobSystem: Creating JobQueue using job-worker-count value 5
Input System module state changed to: Initialized.
[Physics::Module] Initialized fallback backend.
[Physics::Module] Id: 0xdecafbad
Library Redirect Path: Library/
[Physics::Module] Selected backend.
[Physics::Module] Name: PhysX
[Physics::Module] Id: 0xf2b8ea05
[Physics::Module] SDK Version: 4.1.2
[Physics::Module] Integration Version: 1.0.0
[Physics::Module] Threading Mode: Multi-Threaded
Refreshing native plugins compatible for Editor in 3.60 ms, found 3 plugins.
Preloading 0 native plugins for Editor in 0.00 ms.
Initialize engine version: 6000.3.3f1 (ef04196de0d6)
[Subsystems] Discovering subsystems at path C:/Program Files/Unity/Hub/Editor/6000.3.3f1/Editor/Data/Resources/UnitySubsystems
[Subsystems] Discovering subsystems at path C:/Users/Andres/Desktop/GameJam/My project/Assets
GfxDevice: creating device client; kGfxThreadingModeNonThreaded
Direct3D:
    Version:  Direct3D 11.0 [level 11.1]
    Renderer: NVIDIA GeForce RTX 4050 Laptop GPU (ID=0x28a1)
    Vendor:   NVIDIA
    VRAM:     5920 MB
    Driver:   32.0.15.9186
Initialize mono
Mono path[0] = 'C:/Program Files/Unity/Hub/Editor/6000.3.3f1/Editor/Data/Managed'
Mono path[1] = 'C:/Program Files/Unity/Hub/Editor/6000.3.3f1/Editor/Data/MonoBleedingEdge/lib/mono/unityjit-win32'
Mono config path = 'C:/Program Files/Unity/Hub/Editor/6000.3.3f1/Editor/Data/MonoBleedingEdge/etc'
Using monoOptions --debugger-agent=transport=dt_socket,embedding=1,server=y,suspend=n,address=127.0.0.1:56148
Begin MonoManager ReloadAssembly
Registering precompiled unity dll's ...
Register platform support module: C:/Program Files/Unity/Hub/Editor/6000.3.3f1/Editor/Data/PlaybackEngines/WindowsStandaloneSupport/UnityEditor.WindowsStandalone.Extensions.dll
[Licensing::Module] Licensing is not yet initialized.
[Licensing::Client] Handshaking with LicensingClient:
  Version:                 1.17.4+4293ba1
  Session Id:              1bdfdf17f75f4030ae4774b15ee3d979
  Correlation Id:          66d568236509a013a0dbe3e976a115d5
  External correlation Id: 5512302818288866770
  Machine Id:              7GQS3CAW+EoxaYokRDVKbVB3vu4=
[Licensing::Module] Successfully connected to LicensingClient on channel: "LicenseClient-Andres" (connect: 0.00s, validation: 0.00s, handshake: 2.44s)
[Licensing::IpcConnector] Successfully connected to: "LicenseClient-Andres-notifications" at "2026-04-20T17:49:18.7033619Z"
[Licensing::Module] Licensing Background thread has ended after 2.45s
[Licensing::Module] Licensing is initialized (took 1.23s).
[Licensing::Client] Successfully resolved entitlement details
[Licensing::Module] License group:
  Id: 4674116447887-UnityPersXXXX
  Product: Unity Personal
  Type: Assigned
  Expiration: Unlimited
Register platform support module: C:/Program Files/Unity/Hub/Editor/6000.3.3f1/Editor/Data/PlaybackEngines/AndroidPlayer/UnityEditor.Android.Extensions.dll
Registered in 1.240184 seconds.
- Loaded All Assemblies, in  1.748 seconds
Native extension for Android target not found
Android Extension - Scanning For ADB Devices 234 ms
Native extension for WindowsStandalone target not found
Mono: successfully reloaded assembly
- Finished resetting the current domain, in  0.690 seconds
Domain Reload Profiling: 2437ms
	BeginReloadAssembly (180ms)
		ExecutionOrderSort (0ms)
		DisableScriptedObjects (0ms)
		BackupInstance (0ms)
		ReleaseScriptingObjects (0ms)
		CreateAndSetChildDomain (1ms)
	RebuildCommonClasses (55ms)
	RebuildNativeTypeToScriptingClass (11ms)
	initialDomainReloadingComplete (1300ms)
	LoadAllAssembliesAndSetupDomain (200ms)
		LoadAssemblies (178ms)
		RebuildTransferFunctionScriptingTraits (0ms)
		AnalyzeDomain (196ms)
			TypeCache.Refresh (194ms)
				TypeCache.ScanAssembly (178ms)
			BuildScriptInfoCaches (0ms)
			ResolveRequiredComponents (1ms)
	FinalizeReload (691ms)
		ReleaseScriptCaches (0ms)
		RebuildScriptCaches (0ms)
		SetupLoadedEditorAssemblies (634ms)
			LogAssemblyErrors (0ms)
			InitializePlatformSupportModulesInManaged (325ms)
			SetLoadedEditorAssemblies (5ms)
			BeforeProcessingInitializeOnLoad (87ms)
			ProcessInitializeOnLoadAttributes (144ms)
			ProcessInitializeOnLoadMethodAttributes (72ms)
			AfterProcessingInitializeOnLoad (0ms)
			EditorAssembliesLoaded (0ms)
		ExecutionOrderSort2 (0ms)
		AwakeInstancesAfterBackupRestoration (0ms)
========================================================================
Worker process is ready to serve import requests
Import Worker Mode flag is 0x00
Begin MonoManager ReloadAssembly
[Licensing::Client] Successfully resolved entitlement details
- Loaded All Assemblies, in  0.880 seconds
Refreshing native plugins compatible for Editor in 0.56 ms, found 3 plugins.
Native extension for Android target not found
Native extension for WindowsStandalone target not found
Package Manager log level set to [2]
[Package Manager] Failed to launch server process. Reason: Unity was launched with the -noUpm command-line argument
[Package Manager] Unable to send message (not connected to server process).
[Package Manager] Cannot connect to Unity Package Manager local server
Mono: successfully reloaded assembly
- Finished resetting the current domain, in  0.810 seconds
Domain Reload Profiling: 1687ms
	BeginReloadAssembly (235ms)
		ExecutionOrderSort (0ms)
		DisableScriptedObjects (10ms)
		BackupInstance (0ms)
		ReleaseScriptingObjects (0ms)
		CreateAndSetChildDomain (50ms)
	RebuildCommonClasses (36ms)
	RebuildNativeTypeToScriptingClass (10ms)
	initialDomainReloadingComplete (39ms)
	LoadAllAssembliesAndSetupDomain (555ms)
		LoadAssemblies (392ms)
		RebuildTransferFunctionScriptingTraits (0ms)
		AnalyzeDomain (275ms)
			TypeCache.Refresh (216ms)
				TypeCache.ScanAssembly (199ms)
			BuildScriptInfoCaches (44ms)
			ResolveRequiredComponents (11ms)
	FinalizeReload (811ms)
		ReleaseScriptCaches (0ms)
		RebuildScriptCaches (0ms)
		SetupLoadedEditorAssemblies (567ms)
			LogAssemblyErrors (0ms)
			InitializePlatformSupportModulesInManaged (10ms)
			SetLoadedEditorAssemblies (5ms)
			BeforeProcessingInitializeOnLoad (141ms)
			ProcessInitializeOnLoadAttributes (338ms)
			ProcessInitializeOnLoadMethodAttributes (67ms)
			AfterProcessingInitializeOnLoad (6ms)
			EditorAssembliesLoaded (0ms)
		ExecutionOrderSort2 (0ms)
		AwakeInstancesAfterBackupRestoration (6ms)
Launched and connected shader compiler UnityShaderCompiler.exe after 0.01 seconds
Refreshing native plugins compatible for Editor in 0.75 ms, found 3 plugins.
Preloading 0 native plugins for Editor in 0.00 ms.
Unloading 16 Unused Serialized files (Serialized files now loaded: 0)
Unloading 6184 unused Assets / (4.1 MB). Loaded Objects now: 6983.
Memory consumption went from 145.1 MB to 141.0 MB.
Total: 7.823900 ms (FindLiveObjects: 0.517700 ms CreateObjectMapping: 0.333600 ms MarkObjects: 4.949900 ms  DeleteObjects: 2.021100 ms)

========================================================================
Received Import Request.
  Time since last request: 1446.581077 seconds.
  path: Assets/Scenes/SampleScene.unity
  artifactKey: Guid(99c9720ab356a0642a771bea13969a05) Importer(2089858483,b0f066a214c2f5e87bad3c948f4d605d)
Start importing Assets/Scenes/SampleScene.unity using Guid(99c9720ab356a0642a771bea13969a05) Importer(2089858483,b0f066a214c2f5e87bad3c948f4d605d) (ScriptedImporter) -> (artifact id: '9c0c1c638b1676946ed75efabbe5eed8') in 0.0926894 seconds
Number of updated asset objects reloaded before import = 1Number of asset objects unloaded after import = 1

========================================================================
Received Import Request.
  Time since last request: 0.000026 seconds.
  path: Assets/Settings/UniversalRenderPipelineGlobalSettings.asset
  artifactKey: Guid(18dc0cd2c080841dea60987a38ce93fa) Importer(2089858483,b0f066a214c2f5e87bad3c948f4d605d)
Start importing Assets/Settings/UniversalRenderPipelineGlobalSettings.asset using Guid(18dc0cd2c080841dea60987a38ce93fa) Importer(2089858483,b0f066a214c2f5e87bad3c948f4d605d) (ScriptedImporter) -> (artifact id: '0226e3046e0ae2d3fd4a4e7c61e9a4a2') in 0.1668456 seconds
Number of updated asset objects reloaded before import = 0Number of asset objects unloaded after import = 0

========================================================================
Received Import Request.
  Time since last request: 0.000026 seconds.
  path: Assets/Settings/PC_RPAsset.asset
  artifactKey: Guid(4b83569d67af61e458304325a23e5dfd) Importer(2089858483,b0f066a214c2f5e87bad3c948f4d605d)
Start importing Assets/Settings/PC_RPAsset.asset using Guid(4b83569d67af61e458304325a23e5dfd) Importer(2089858483,b0f066a214c2f5e87bad3c948f4d605d) (ScriptedImporter) -> (artifact id: 'd7e4dcf62193d499b055481364a0913d') in 0.2152582 seconds
Number of updated asset objects reloaded before import = 0Number of asset objects unloaded after import = 1

========================================================================
Received Prepare
Begin MonoManager ReloadAssembly
- Loaded All Assemblies, in  1.261 seconds
Refreshing native plugins compatible for Editor in 1.47 ms, found 3 plugins.
Native extension for Android target not found
Native extension for WindowsStandalone target not found
[Package Manager] Failed to launch server process. Reason: Unity was launched with the -noUpm command-line argument
[Package Manager] Unable to send message (not connected to server process).
[Package Manager] Cannot connect to Unity Package Manager local server
Mono: successfully reloaded assembly
- Finished resetting the current domain, in  1.559 seconds
Domain Reload Profiling: 2821ms
	BeginReloadAssembly (423ms)
		ExecutionOrderSort (0ms)
		DisableScriptedObjects (45ms)
		BackupInstance (0ms)
		ReleaseScriptingObjects (0ms)
		CreateAndSetChildDomain (77ms)
	RebuildCommonClasses (77ms)
	RebuildNativeTypeToScriptingClass (26ms)
	initialDomainReloadingComplete (50ms)
	LoadAllAssembliesAndSetupDomain (684ms)
		LoadAssemblies (595ms)
		RebuildTransferFunctionScriptingTraits (0ms)
		AnalyzeDomain (275ms)
			TypeCache.Refresh (14ms)
				TypeCache.ScanAssembly (1ms)
			BuildScriptInfoCaches (234ms)
			ResolveRequiredComponents (20ms)
	FinalizeReload (1561ms)
		ReleaseScriptCaches (0ms)
		RebuildScriptCaches (0ms)
		SetupLoadedEditorAssemblies (1228ms)
			LogAssemblyErrors (0ms)
			InitializePlatformSupportModulesInManaged (16ms)
			SetLoadedEditorAssemblies (9ms)
			BeforeProcessingInitializeOnLoad (297ms)
			ProcessInitializeOnLoadAttributes (648ms)
			ProcessInitializeOnLoadMethodAttributes (234ms)
			AfterProcessingInitializeOnLoad (21ms)
			EditorAssembliesLoaded (3ms)
		ExecutionOrderSort2 (0ms)
		AwakeInstancesAfterBackupRestoration (47ms)
Refreshing native plugins compatible for Editor in 0.88 ms, found 3 plugins.
Preloading 0 native plugins for Editor in 0.00 ms.
Unloading 16 Unused Serialized files (Serialized files now loaded: 0)
Unloading 6181 unused Assets / (3.7 MB). Loaded Objects now: 7001.
Memory consumption went from 150.0 MB to 146.3 MB.
Total: 10.971200 ms (FindLiveObjects: 0.590800 ms CreateObjectMapping: 0.634000 ms MarkObjects: 7.026900 ms  DeleteObjects: 2.717300 ms)

Prepare: number of updated asset objects reloaded= 0
========================================================================
Received Prepare
Begin MonoManager ReloadAssembly
- Loaded All Assemblies, in  1.426 seconds
Refreshing native plugins compatible for Editor in 1.29 ms, found 3 plugins.
Native extension for Android target not found
Native extension for WindowsStandalone target not found
[Package Manager] Failed to launch server process. Reason: Unity was launched with the -noUpm command-line argument
[Package Manager] Unable to send message (not connected to server process).
[Package Manager] Cannot connect to Unity Package Manager local server
Mono: successfully reloaded assembly
- Finished resetting the current domain, in  1.228 seconds
Domain Reload Profiling: 2645ms
	BeginReloadAssembly (374ms)
		ExecutionOrderSort (0ms)
		DisableScriptedObjects (12ms)
		BackupInstance (0ms)
		ReleaseScriptingObjects (0ms)
		CreateAndSetChildDomain (99ms)
	RebuildCommonClasses (68ms)
	RebuildNativeTypeToScriptingClass (21ms)
	initialDomainReloadingComplete (66ms)
	LoadAllAssembliesAndSetupDomain (889ms)
		LoadAssemblies (744ms)
		RebuildTransferFunctionScriptingTraits (0ms)
		AnalyzeDomain (306ms)
			TypeCache.Refresh (17ms)
				TypeCache.ScanAssembly (2ms)
			BuildScriptInfoCaches (264ms)
			ResolveRequiredComponents (18ms)
	FinalizeReload (1228ms)
		ReleaseScriptCaches (0ms)
		RebuildScriptCaches (0ms)
		SetupLoadedEditorAssemblies (966ms)
			LogAssemblyErrors (0ms)
			InitializePlatformSupportModulesInManaged (15ms)
			SetLoadedEditorAssemblies (8ms)
			BeforeProcessingInitializeOnLoad (290ms)
			ProcessInitializeOnLoadAttributes (505ms)
			ProcessInitializeOnLoadMethodAttributes (137ms)
			AfterProcessingInitializeOnLoad (10ms)
			EditorAssembliesLoaded (0ms)
		ExecutionOrderSort2 (0ms)
		AwakeInstancesAfterBackupRestoration (24ms)
Refreshing native plugins compatible for Editor in 0.89 ms, found 3 plugins.
Preloading 0 native plugins for Editor in 0.00 ms.
Unloading 16 Unused Serialized files (Serialized files now loaded: 0)
Unloading 6180 unused Assets / (2.7 MB). Loaded Objects now: 7004.
Memory consumption went from 149.8 MB to 147.2 MB.
Total: 8.492200 ms (FindLiveObjects: 0.553300 ms CreateObjectMapping: 0.386100 ms MarkObjects: 5.754200 ms  DeleteObjects: 1.796400 ms)

Prepare: number of updated asset objects reloaded= 0
========================================================================
Received Import Request.
  Time since last request: 68.728512 seconds.
  path: Assets/01_Scripts
  artifactKey: Guid(7ee4e9c3cce77214a865f99dc6a61e26) Importer(815301076,1909f56bfc062723c751e8b465ee728b)
Start importing Assets/01_Scripts using Guid(7ee4e9c3cce77214a865f99dc6a61e26) Importer(815301076,1909f56bfc062723c751e8b465ee728b) (PreviewImporter) -> (artifact id: 'ccbd6aab0d1252c531afae6f826dad96') in 0.0142962 seconds
Number of updated asset objects reloaded before import = 0Number of asset objects unloaded after import = 0

========================================================================
Received Import Request.
  Time since last request: 0.913237 seconds.
  path: Assets/01_Scripts
  artifactKey: Guid(7ee4e9c3cce77214a865f99dc6a61e26) Importer(2089858483,b0f066a214c2f5e87bad3c948f4d605d)
Start importing Assets/01_Scripts using Guid(7ee4e9c3cce77214a865f99dc6a61e26) Importer(2089858483,b0f066a214c2f5e87bad3c948f4d605d) (ScriptedImporter) -> (artifact id: 'a468117cd06eeba605e8f27a7da2d758') in 0.0565814 seconds
Number of updated asset objects reloaded before import = 0Number of asset objects unloaded after import = 1

========================================================================
Received Import Request.
  Time since last request: 9.822847 seconds.
  path: Assets/02_Models
  artifactKey: Guid(f429c542c0a8c4f41b9d1a71ea30af0b) Importer(815301076,1909f56bfc062723c751e8b465ee728b)
Start importing Assets/02_Models using Guid(f429c542c0a8c4f41b9d1a71ea30af0b) Importer(815301076,1909f56bfc062723c751e8b465ee728b) (PreviewImporter) -> (artifact id: 'a04f20a2354ced0467e172cfd6fb9650') in 0.0008041 seconds
Number of updated asset objects reloaded before import = 0Number of asset objects unloaded after import = 0

========================================================================
Received Import Request.
  Time since last request: 0.925687 seconds.
  path: Assets/02_Models
  artifactKey: Guid(f429c542c0a8c4f41b9d1a71ea30af0b) Importer(2089858483,b0f066a214c2f5e87bad3c948f4d605d)
Start importing Assets/02_Models using Guid(f429c542c0a8c4f41b9d1a71ea30af0b) Importer(2089858483,b0f066a214c2f5e87bad3c948f4d605d) (ScriptedImporter) -> (artifact id: 'febf2d51dab28fb477e948697e5013d8') in 0.0181258 seconds
Number of updated asset objects reloaded before import = 0Number of asset objects unloaded after import = 1

========================================================================
Received Import Request.
  Time since last request: 9.181153 seconds.
  path: Assets/03_Materials
  artifactKey: Guid(e47055cdfcc4d9c4c9fc1730c15d1c4f) Importer(815301076,1909f56bfc062723c751e8b465ee728b)
Start importing Assets/03_Materials using Guid(e47055cdfcc4d9c4c9fc1730c15d1c4f) Importer(815301076,1909f56bfc062723c751e8b465ee728b) (PreviewImporter) -> (artifact id: 'fb996e56d707bf11c6cc58f3af655d15') in 0.0009709 seconds
Number of updated asset objects reloaded before import = 0Number of asset objects unloaded after import = 0

========================================================================
Received Import Request.
  Time since last request: 0.932503 seconds.
  path: Assets/03_Materials
  artifactKey: Guid(e47055cdfcc4d9c4c9fc1730c15d1c4f) Importer(2089858483,b0f066a214c2f5e87bad3c948f4d605d)
Start importing Assets/03_Materials using Guid(e47055cdfcc4d9c4c9fc1730c15d1c4f) Importer(2089858483,b0f066a214c2f5e87bad3c948f4d605d) (ScriptedImporter) -> (artifact id: 'd1415bbee629b47cd39ef0c066e95338') in 0.0215976 seconds
Number of updated asset objects reloaded before import = 0Number of asset objects unloaded after import = 1

========================================================================
Received Import Request.
  Time since last request: 7.789436 seconds.
  path: Assets/04_Animations
  artifactKey: Guid(8b5d7dd1e263b324890eff3e609113c1) Importer(815301076,1909f56bfc062723c751e8b465ee728b)
Start importing Assets/04_Animations using Guid(8b5d7dd1e263b324890eff3e609113c1) Importer(815301076,1909f56bfc062723c751e8b465ee728b) (PreviewImporter) -> (artifact id: 'e64f8e2262be5d1f05a0856b0f7fefeb') in 0.0008312 seconds
Number of updated asset objects reloaded before import = 0Number of asset objects unloaded after import = 0

========================================================================
Received Import Request.
  Time since last request: 0.931255 seconds.
  path: Assets/04_Animations
  artifactKey: Guid(8b5d7dd1e263b324890eff3e609113c1) Importer(2089858483,b0f066a214c2f5e87bad3c948f4d605d)
Start importing Assets/04_Animations using Guid(8b5d7dd1e263b324890eff3e609113c1) Importer(2089858483,b0f066a214c2f5e87bad3c948f4d605d) (ScriptedImporter) -> (artifact id: '0e8819bc436886ebc595944f8924f7a6') in 0.0276628 seconds
Number of updated asset objects reloaded before import = 0Number of asset objects unloaded after import = 1

========================================================================
Received Import Request.
  Time since last request: 994.686929 seconds.
  path: Assets/04_Animations/Player@Idle.fbx
  artifactKey: Guid(01533cf9b8e9b5b4e80f93b6533ae9c7) Importer(815301076,1909f56bfc062723c751e8b465ee728b)
Start importing Assets/04_Animations/Player@Idle.fbx using Guid(01533cf9b8e9b5b4e80f93b6533ae9c7) Importer(815301076,1909f56bfc062723c751e8b465ee728b) (PreviewImporter) -> (artifact id: '7684bb1451f2e0ab25daf0d14557643c') in 4.5642385 seconds
Number of updated asset objects reloaded before import = 0Number of asset objects unloaded after import = 107

========================================================================
Received Import Request.
  Time since last request: 46.586171 seconds.
  path: Assets/04_Animations/Player.obj
  artifactKey: Guid(bf6dc68291c97594e86d042a4206343b) Importer(815301076,1909f56bfc062723c751e8b465ee728b)
Start importing Assets/04_Animations/Player.obj using Guid(bf6dc68291c97594e86d042a4206343b) Importer(815301076,1909f56bfc062723c751e8b465ee728b) (PreviewImporter) -> (artifact id: 'a4b0ac784332d7895c6b0cf75ceb4ab2') in 0.1140455 seconds
Number of updated asset objects reloaded before import = 0Number of asset objects unloaded after import = 10

========================================================================
Received Import Request.
  Time since last request: 0.835288 seconds.
  path: Assets/04_Animations/Player.obj
  artifactKey: Guid(bf6dc68291c97594e86d042a4206343b) Importer(2089858483,b0f066a214c2f5e87bad3c948f4d605d)
Start importing Assets/04_Animations/Player.obj using Guid(bf6dc68291c97594e86d042a4206343b) Importer(2089858483,b0f066a214c2f5e87bad3c948f4d605d) (ScriptedImporter) -> (artifact id: '0be9e4ae7622c8b1486657ee0c3f6f13') in 0.0870031 seconds
Number of updated asset objects reloaded before import = 0Number of asset objects unloaded after import = 10

========================================================================
Received Import Request.
  Time since last request: 154.768090 seconds.
  path: Assets/04_Animations/Player.obj
  artifactKey: Guid(bf6dc68291c97594e86d042a4206343b) Importer(815301076,1909f56bfc062723c751e8b465ee728b)
Start importing Assets/04_Animations/Player.obj using Guid(bf6dc68291c97594e86d042a4206343b) Importer(815301076,1909f56bfc062723c751e8b465ee728b) (PreviewImporter) -> (artifact id: '7c4b9615a98b62038bce32c290987af0') in 0.1243375 seconds
Number of updated asset objects reloaded before import = 0Number of asset objects unloaded after import = 10

========================================================================
Received Import Request.
  Time since last request: 0.836779 seconds.
  path: Assets/04_Animations/Player.obj
  artifactKey: Guid(bf6dc68291c97594e86d042a4206343b) Importer(2089858483,b0f066a214c2f5e87bad3c948f4d605d)
Start importing Assets/04_Animations/Player.obj using Guid(bf6dc68291c97594e86d042a4206343b) Importer(2089858483,b0f066a214c2f5e87bad3c948f4d605d) (ScriptedImporter) -> (artifact id: '012e70d22b2943d176f54987cefcf6b6') in 0.0281168 seconds
Number of updated asset objects reloaded before import = 0Number of asset objects unloaded after import = 9

========================================================================
Received Import Request.
  Time since last request: 0.000051 seconds.
  path: Assets/04_Animations/Materials
  artifactKey: Guid(1d6357de66044ca489c5d8c8f6ebad01) Importer(2089858483,b0f066a214c2f5e87bad3c948f4d605d)
Start importing Assets/04_Animations/Materials using Guid(1d6357de66044ca489c5d8c8f6ebad01) Importer(2089858483,b0f066a214c2f5e87bad3c948f4d605d) (ScriptedImporter) -> (artifact id: 'aaad3ef12e19ef803bb1c5fc9ca7aff9') in 0.0231992 seconds
Number of updated asset objects reloaded before import = 0Number of asset objects unloaded after import = 1

========================================================================
Received Import Request.
  Time since last request: 5.656645 seconds.
  path: Assets/04_Animations/Materials
  artifactKey: Guid(1d6357de66044ca489c5d8c8f6ebad01) Importer(815301076,1909f56bfc062723c751e8b465ee728b)
Start importing Assets/04_Animations/Materials using Guid(1d6357de66044ca489c5d8c8f6ebad01) Importer(815301076,1909f56bfc062723c751e8b465ee728b) (PreviewImporter) -> (artifact id: 'b6727d658a487d841362070c23c998d1') in 0.0005944 seconds
Number of updated asset objects reloaded before import = 0Number of asset objects unloaded after import = 0

========================================================================
Received Import Request.
  Time since last request: 0.022184 seconds.
  path: Assets/04_Animations/Materials/defaultMat.mat
  artifactKey: Guid(d0b67bb1fb43de943a2c274cc77aaabe) Importer(815301076,1909f56bfc062723c751e8b465ee728b)
Start importing Assets/04_Animations/Materials/defaultMat.mat using Guid(d0b67bb1fb43de943a2c274cc77aaabe) Importer(815301076,1909f56bfc062723c751e8b465ee728b) (PreviewImporter) -> (artifact id: 'a1e0c8ed06f9048add36bf3ace7c27df') in 0.0353797 seconds
Number of updated asset objects reloaded before import = 0Number of asset objects unloaded after import = 1

========================================================================
Received Import Request.
  Time since last request: 4.706703 seconds.
  path: Assets/04_Animations/Player.obj
  artifactKey: Guid(bf6dc68291c97594e86d042a4206343b) Importer(815301076,1909f56bfc062723c751e8b465ee728b)
Start importing Assets/04_Animations/Player.obj using Guid(bf6dc68291c97594e86d042a4206343b) Importer(815301076,1909f56bfc062723c751e8b465ee728b) (PreviewImporter) -> (artifact id: 'd85724d37487f5ed02bb7f250b7e75bb') in 0.0737756 seconds
Number of updated asset objects reloaded before import = 0Number of asset objects unloaded after import = 9

========================================================================
Received Import Request.
  Time since last request: 5.908673 seconds.
  path: Assets/04_Animations/Player.obj
  artifactKey: Guid(bf6dc68291c97594e86d042a4206343b) Importer(815301076,1909f56bfc062723c751e8b465ee728b)
Start importing Assets/04_Animations/Player.obj using Guid(bf6dc68291c97594e86d042a4206343b) Importer(815301076,1909f56bfc062723c751e8b465ee728b) (PreviewImporter) -> (artifact id: '885df6c61e26bda8cd0d5aaf1ccfe835') in 0.1259588 seconds
Number of updated asset objects reloaded before import = 0Number of asset objects unloaded after import = 10

========================================================================
Received Import Request.
  Time since last request: 0.812512 seconds.
  path: Assets/04_Animations/Player.obj
  artifactKey: Guid(bf6dc68291c97594e86d042a4206343b) Importer(2089858483,b0f066a214c2f5e87bad3c948f4d605d)
Start importing Assets/04_Animations/Player.obj using Guid(bf6dc68291c97594e86d042a4206343b) Importer(2089858483,b0f066a214c2f5e87bad3c948f4d605d) (ScriptedImporter) -> (artifact id: 'b0e9d450aeeb689ed0526f88e09a0221') in 0.0343167 seconds
Number of updated asset objects reloaded before import = 0Number of asset objects unloaded after import = 9

========================================================================
Received Import Request.
  Time since last request: 0.904050 seconds.
  path: Assets/04_Animations/Materials/defaultMat.mat
  artifactKey: Guid(d0b67bb1fb43de943a2c274cc77aaabe) Importer(815301076,1909f56bfc062723c751e8b465ee728b)
Start importing Assets/04_Animations/Materials/defaultMat.mat using Guid(d0b67bb1fb43de943a2c274cc77aaabe) Importer(815301076,1909f56bfc062723c751e8b465ee728b) (PreviewImporter) -> (artifact id: '8ccd3155f3241ea0a4c13733ba2e95b7') in 0.0377398 seconds
Number of updated asset objects reloaded before import = 0Number of asset objects unloaded after import = 1

========================================================================
Received Import Request.
  Time since last request: 28.504553 seconds.
  path: Assets/04_Animations/Player.obj
  artifactKey: Guid(bf6dc68291c97594e86d042a4206343b) Importer(815301076,1909f56bfc062723c751e8b465ee728b)
Start importing Assets/04_Animations/Player.obj using Guid(bf6dc68291c97594e86d042a4206343b) Importer(815301076,1909f56bfc062723c751e8b465ee728b) (PreviewImporter) -> (artifact id: '317d7ecc5663446fa9d904ecfd9e1318') in 0.1487779 seconds
Number of updated asset objects reloaded before import = 0Number of asset objects unloaded after import = 10

========================================================================
Received Import Request.
  Time since last request: 0.804545 seconds.
  path: Assets/04_Animations/Player.obj
  artifactKey: Guid(bf6dc68291c97594e86d042a4206343b) Importer(2089858483,b0f066a214c2f5e87bad3c948f4d605d)
Start importing Assets/04_Animations/Player.obj using Guid(bf6dc68291c97594e86d042a4206343b) Importer(2089858483,b0f066a214c2f5e87bad3c948f4d605d) (ScriptedImporter) -> (artifact id: '8c78ccfa93238a5de898ea0de3cca9cd') in 0.0194839 seconds
Number of updated asset objects reloaded before import = 0Number of asset objects unloaded after import = 10

========================================================================
Received Import Request.
  Time since last request: 159.659477 seconds.
  path: Assets/04_Animations/Player.fbx
  artifactKey: Guid(9d38efb3468c5dc429b1cfb0889ef408) Importer(815301076,1909f56bfc062723c751e8b465ee728b)
Start importing Assets/04_Animations/Player.fbx using Guid(9d38efb3468c5dc429b1cfb0889ef408) Importer(815301076,1909f56bfc062723c751e8b465ee728b) (PreviewImporter) -> (artifact id: '9f420489f47c2286120caacb939cee6e') in 0.0616315 seconds
Number of updated asset objects reloaded before import = 0Number of asset objects unloaded after import = 8

========================================================================
Received Import Request.
  Time since last request: 0.892179 seconds.
  path: Assets/04_Animations/Player.fbx
  artifactKey: Guid(9d38efb3468c5dc429b1cfb0889ef408) Importer(2089858483,b0f066a214c2f5e87bad3c948f4d605d)
Start importing Assets/04_Animations/Player.fbx using Guid(9d38efb3468c5dc429b1cfb0889ef408) Importer(2089858483,b0f066a214c2f5e87bad3c948f4d605d) (ScriptedImporter) -> (artifact id: 'ba5862fb3e7bdd4fdf895f8ad7cd0edb') in 0.0342249 seconds
Number of updated asset objects reloaded before import = 0Number of asset objects unloaded after import = 8

========================================================================
Received Import Request.
  Time since last request: 52.676639 seconds.
  path: Assets/04_Animations/Player.fbx
  artifactKey: Guid(9d38efb3468c5dc429b1cfb0889ef408) Importer(815301076,1909f56bfc062723c751e8b465ee728b)
Start importing Assets/04_Animations/Player.fbx using Guid(9d38efb3468c5dc429b1cfb0889ef408) Importer(815301076,1909f56bfc062723c751e8b465ee728b) (PreviewImporter) -> (artifact id: 'f923a1f2151240bc0319a42a2f9c0c45') in 0.0300317 seconds
Number of updated asset objects reloaded before import = 0Number of asset objects unloaded after import = 8

========================================================================
Received Import Request.
  Time since last request: 0.906580 seconds.
  path: Assets/04_Animations/Player.fbx
  artifactKey: Guid(9d38efb3468c5dc429b1cfb0889ef408) Importer(2089858483,b0f066a214c2f5e87bad3c948f4d605d)
Start importing Assets/04_Animations/Player.fbx using Guid(9d38efb3468c5dc429b1cfb0889ef408) Importer(2089858483,b0f066a214c2f5e87bad3c948f4d605d) (ScriptedImporter) -> (artifact id: '46739786f247d357276301e011cc3dc8') in 0.0190225 seconds
Number of updated asset objects reloaded before import = 0Number of asset objects unloaded after import = 8

========================================================================
Received Import Request.
  Time since last request: 0.352037 seconds.
  path: Assets/04_Animations/Materials/tripo_node_53b12b7a-c121-49f2-9d6d-9f1b37765ec7_BaseColor.mat
  artifactKey: Guid(f1a79359ac7d94a44ad00325a673a933) Importer(815301076,1909f56bfc062723c751e8b465ee728b)
Start importing Assets/04_Animations/Materials/tripo_node_53b12b7a-c121-49f2-9d6d-9f1b37765ec7_BaseColor.mat using Guid(f1a79359ac7d94a44ad00325a673a933) Importer(815301076,1909f56bfc062723c751e8b465ee728b) (PreviewImporter) -> (artifact id: 'bf4a36fff39a19b70305363b220f8ea5') in 0.0251905 seconds
Number of updated asset objects reloaded before import = 0Number of asset objects unloaded after import = 1

========================================================================
Received Import Request.
  Time since last request: 6.107332 seconds.
  path: Assets/04_Animations/Materials/tripo_node_53b12b7a-c121-49f2-9d6d-9f1b37765ec7_BaseColor.jpg
  artifactKey: Guid(2b8e67e2bbe2f6541b87608152a9ee46) Importer(815301076,1909f56bfc062723c751e8b465ee728b)
Start importing Assets/04_Animations/Materials/tripo_node_53b12b7a-c121-49f2-9d6d-9f1b37765ec7_BaseColor.jpg using Guid(2b8e67e2bbe2f6541b87608152a9ee46) Importer(815301076,1909f56bfc062723c751e8b465ee728b) (PreviewImporter)[Licensing::Client] Successfully resolved entitlement details
 -> (artifact id: 'f7d03813f9da945fe20c0138fe039589') in 0.0508269 seconds
Number of updated asset objects reloaded before import = 0Number of asset objects unloaded after import = 2

========================================================================
Received Import Request.
  Time since last request: 0.893102 seconds.
  path: Assets/04_Animations/Materials/tripo_node_53b12b7a-c121-49f2-9d6d-9f1b37765ec7_BaseColor.jpg
  artifactKey: Guid(2b8e67e2bbe2f6541b87608152a9ee46) Importer(2089858483,b0f066a214c2f5e87bad3c948f4d605d)
Start importing Assets/04_Animations/Materials/tripo_node_53b12b7a-c121-49f2-9d6d-9f1b37765ec7_BaseColor.jpg using Guid(2b8e67e2bbe2f6541b87608152a9ee46) Importer(2089858483,b0f066a214c2f5e87bad3c948f4d605d) (ScriptedImporter) -> (artifact id: 'c7850ceb3133b7a36c7e1367e6416865') in 0.0519532 seconds
Number of updated asset objects reloaded before import = 0Number of asset objects unloaded after import = 1

========================================================================
Received Import Request.
  Time since last request: 3.612452 seconds.
  path: Assets/04_Animations/Player.fbx
  artifactKey: Guid(9d38efb3468c5dc429b1cfb0889ef408) Importer(815301076,1909f56bfc062723c751e8b465ee728b)
Start importing Assets/04_Animations/Player.fbx using Guid(9d38efb3468c5dc429b1cfb0889ef408) Importer(815301076,1909f56bfc062723c751e8b465ee728b) (PreviewImporter) -> (artifact id: 'af44d9cf41b35e75890d80f42efaddfe') in 0.0360196 seconds
Number of updated asset objects reloaded before import = 0Number of asset objects unloaded after import = 7

========================================================================
Received Import Request.
  Time since last request: 5.518713 seconds.
  path: Assets/03_Materials/tripo_node_53b12b7a-c121-49f2-9d6d-9f1b37765ec7_BaseColor.jpg
  artifactKey: Guid(2b8e67e2bbe2f6541b87608152a9ee46) Importer(2089858483,b0f066a214c2f5e87bad3c948f4d605d)
Start importing Assets/03_Materials/tripo_node_53b12b7a-c121-49f2-9d6d-9f1b37765ec7_BaseColor.jpg using Guid(2b8e67e2bbe2f6541b87608152a9ee46) Importer(2089858483,b0f066a214c2f5e87bad3c948f4d605d) (ScriptedImporter) -> (artifact id: '7cc53f67d56dc5f53af018cf8fbc725a') in 0.0214191 seconds
Number of updated asset objects reloaded before import = 0Number of asset objects unloaded after import = 1

========================================================================
Received Import Request.
  Time since last request: 8.859858 seconds.
  path: Assets/03_Materials/Materials
  artifactKey: Guid(44aea3f5eb19e424d938d87403dca784) Importer(2089858483,b0f066a214c2f5e87bad3c948f4d605d)
Start importing Assets/03_Materials/Materials using Guid(44aea3f5eb19e424d938d87403dca784) Importer(2089858483,b0f066a214c2f5e87bad3c948f4d605d) (ScriptedImporter) -> (artifact id: '871c144c21cf259d8e83d442bda57167') in 0.016114 seconds
Number of updated asset objects reloaded before import = 0Number of asset objects unloaded after import = 1

========================================================================
Received Import Request.
  Time since last request: 2.178200 seconds.
  path: Assets/03_Materials/Materials/tripo_node_53b12b7a-c121-49f2-9d6d-9f1b37765ec7_BaseColor 1.mat
  artifactKey: Guid(77794117f72f392419317502d1f3ab5c) Importer(2089858483,b0f066a214c2f5e87bad3c948f4d605d)
Start importing Assets/03_Materials/Materials/tripo_node_53b12b7a-c121-49f2-9d6d-9f1b37765ec7_BaseColor 1.mat using Guid(77794117f72f392419317502d1f3ab5c) Importer(2089858483,b0f066a214c2f5e87bad3c948f4d605d) (ScriptedImporter) -> (artifact id: '1fe73c141bd116cf7c44bdfd9f2bdef5') in 0.0234528 seconds
Number of updated asset objects reloaded before import = 0Number of asset objects unloaded after import = 2

========================================================================
Received Import Request.
  Time since last request: 65.267190 seconds.
  path: Assets/04_Animations/Player.prefab
  artifactKey: Guid(0c0b8dead7f4c834180261f9b68d44ec) Importer(815301076,1909f56bfc062723c751e8b465ee728b)
Start importing Assets/04_Animations/Player.prefab using Guid(0c0b8dead7f4c834180261f9b68d44ec) Importer(815301076,1909f56bfc062723c751e8b465ee728b) (PreviewImporter) -> (artifact id: '2babed9dcce3397e837078aca6a167bf') in 0.0258439 seconds
Number of updated asset objects reloaded before import = 0Number of asset objects unloaded after import = 16

========================================================================
Received Import Request.
  Time since last request: 0.924483 seconds.
  path: Assets/04_Animations/Player.prefab
  artifactKey: Guid(0c0b8dead7f4c834180261f9b68d44ec) Importer(2089858483,b0f066a214c2f5e87bad3c948f4d605d)
Start importing Assets/04_Animations/Player.prefab using Guid(0c0b8dead7f4c834180261f9b68d44ec) Importer(2089858483,b0f066a214c2f5e87bad3c948f4d605d) (ScriptedImporter) -> (artifact id: '3c72c58e2d860903a2f1f1b1d03b2550') in 0.0318756 seconds
Number of updated asset objects reloaded before import = 0Number of asset objects unloaded after import = 14

========================================================================
Received Import Request.
  Time since last request: 1.392504 seconds.
  path: Assets/04_Animations/Player.prefab
  artifactKey: Guid(0c0b8dead7f4c834180261f9b68d44ec) Importer(815301076,1909f56bfc062723c751e8b465ee728b)
Start importing Assets/04_Animations/Player.prefab using Guid(0c0b8dead7f4c834180261f9b68d44ec) Importer(815301076,1909f56bfc062723c751e8b465ee728b) (PreviewImporter) -> (artifact id: '292da0fcc1b4a7494628a04737dbf71e') in 0.001932 seconds
Number of updated asset objects reloaded before import = 0Number of asset objects unloaded after import = 1

========================================================================
Received Import Request.
  Time since last request: 19.985859 seconds.
  path: Assets/04_Animations/Player.fbx
  artifactKey: Guid(9d38efb3468c5dc429b1cfb0889ef408) Importer(815301076,1909f56bfc062723c751e8b465ee728b)
Start importing Assets/04_Animations/Player.fbx using Guid(9d38efb3468c5dc429b1cfb0889ef408) Importer(815301076,1909f56bfc062723c751e8b465ee728b) (PreviewImporter) -> (artifact id: '39a47de1a92ddfac09601e97e71c7b3b') in 0.0393585 seconds
Number of updated asset objects reloaded before import = 0Number of asset objects unloaded after import = 9

========================================================================
Received Import Request.
  Time since last request: 38.624682 seconds.
  path: Assets/04_Animations/Player@Idle.fbx
  artifactKey: Guid(01533cf9b8e9b5b4e80f93b6533ae9c7) Importer(815301076,1909f56bfc062723c751e8b465ee728b)
Start importing Assets/04_Animations/Player@Idle.fbx using Guid(01533cf9b8e9b5b4e80f93b6533ae9c7) Importer(815301076,1909f56bfc062723c751e8b465ee728b) (PreviewImporter) -> (artifact id: 'e7745a9e84238fec532c89cd6cc222c4') in 0.0536208 seconds
Number of updated asset objects reloaded before import = 0Number of asset objects unloaded after import = 108

========================================================================
Received Import Request.
  Time since last request: 0.899341 seconds.
  path: Assets/04_Animations/Player@Idle.fbx
  artifactKey: Guid(01533cf9b8e9b5b4e80f93b6533ae9c7) Importer(2089858483,b0f066a214c2f5e87bad3c948f4d605d)
Start importing Assets/04_Animations/Player@Idle.fbx using Guid(01533cf9b8e9b5b4e80f93b6533ae9c7) Importer(2089858483,b0f066a214c2f5e87bad3c948f4d605d) (ScriptedImporter) -> (artifact id: '25682bc3c68255fa1ab0a1c10d7faf4f') in 0.0349768 seconds
Number of updated asset objects reloaded before import = 0Number of asset objects unloaded after import = 107

========================================================================
Received Import Request.
  Time since last request: 4.447442 seconds.
  path: Assets/04_Animations/Player@Idle.fbx
  artifactKey: Guid(01533cf9b8e9b5b4e80f93b6533ae9c7) Importer(815301076,1909f56bfc062723c751e8b465ee728b)
Start importing Assets/04_Animations/Player@Idle.fbx using Guid(01533cf9b8e9b5b4e80f93b6533ae9c7) Importer(815301076,1909f56bfc062723c751e8b465ee728b) (PreviewImporter) -> (artifact id: '5c37c940e8fb849c371610f74667489b') in 0.0466363 seconds
Number of updated asset objects reloaded before import = 0Number of asset objects unloaded after import = 107

========================================================================
Received Import Request.
  Time since last request: 321.561946 seconds.
  path: Assets/04_Animations/Player@Idle.fbx
  artifactKey: Guid(01533cf9b8e9b5b4e80f93b6533ae9c7) Importer(815301076,1909f56bfc062723c751e8b465ee728b)
Start importing Assets/04_Animations/Player@Idle.fbx using Guid(01533cf9b8e9b5b4e80f93b6533ae9c7) Importer(815301076,1909f56bfc062723c751e8b465ee728b) (PreviewImporter) -> (artifact id: '7a086517b70e13ac1da46890a6a61957') in 0.1154309 seconds
Number of updated asset objects reloaded before import = 0Number of asset objects unloaded after import = 108

========================================================================
Received Import Request.
  Time since last request: 0.814644 seconds.
  path: Assets/04_Animations/Player@Idle.fbx
  artifactKey: Guid(01533cf9b8e9b5b4e80f93b6533ae9c7) Importer(2089858483,b0f066a214c2f5e87bad3c948f4d605d)
Start importing Assets/04_Animations/Player@Idle.fbx using Guid(01533cf9b8e9b5b4e80f93b6533ae9c7) Importer(2089858483,b0f066a214c2f5e87bad3c948f4d605d) (ScriptedImporter) -> (artifact id: 'ee9747e986acc501af9bb89b95875e58') in 0.0290418 seconds
Number of updated asset objects reloaded before import = 0Number of asset objects unloaded after import = 108

========================================================================
Received Import Request.
  Time since last request: 649.648649 seconds.
  path: Assets/04_Animations/Player (1)@Idle.fbx
  artifactKey: Guid(bb31eb2cb37f71f44b2a26281a0160f7) Importer(815301076,1909f56bfc062723c751e8b465ee728b)
Start importing Assets/04_Animations/Player (1)@Idle.fbx using Guid(bb31eb2cb37f71f44b2a26281a0160f7) Importer(815301076,1909f56bfc062723c751e8b465ee728b) (PreviewImporter) -> (artifact id: 'b045521c8a6284be12e6703c206b3b4a') in 0.0823268 seconds
Number of updated asset objects reloaded before import = 0Number of asset objects unloaded after import = 109

========================================================================
Received Import Request.
  Time since last request: 0.861565 seconds.
  path: Assets/04_Animations/Player (1)@Walking.fbx
  artifactKey: Guid(7fd1f0e78c2705e408336eb34e3add6c) Importer(2089858483,b0f066a214c2f5e87bad3c948f4d605d)
Start importing Assets/04_Animations/Player (1)@Walking.fbx using Guid(7fd1f0e78c2705e408336eb34e3add6c) Importer(2089858483,b0f066a214c2f5e87bad3c948f4d605d) (ScriptedImporter) -> (artifact id: '0904d8d4f1cb877022621870f3d9322a') in 0.0511038 seconds
Number of updated asset objects reloaded before import = 0Number of asset objects unloaded after import = 109

========================================================================
Received Import Request.
  Time since last request: 0.000065 seconds.
  path: Assets/04_Animations/Player (1)@Idle.fbx
  artifactKey: Guid(bb31eb2cb37f71f44b2a26281a0160f7) Importer(2089858483,b0f066a214c2f5e87bad3c948f4d605d)
Start importing Assets/04_Animations/Player (1)@Idle.fbx using Guid(bb31eb2cb37f71f44b2a26281a0160f7) Importer(2089858483,b0f066a214c2f5e87bad3c948f4d605d) (ScriptedImporter) -> (artifact id: 'ea863969fbff661d100e1e9d3aadd62f') in 0.0521418 seconds
Number of updated asset objects reloaded before import = 0Number of asset objects unloaded after import = 109

========================================================================
Received Import Request.
  Time since last request: 24.018915 seconds.
  path: Assets/04_Animations/Player (1)@Idle.fbx
  artifactKey: Guid(bb31eb2cb37f71f44b2a26281a0160f7) Importer(815301076,1909f56bfc062723c751e8b465ee728b)
Start importing Assets/04_Animations/Player (1)@Idle.fbx using Guid(bb31eb2cb37f71f44b2a26281a0160f7) Importer(815301076,1909f56bfc062723c751e8b465ee728b) (PreviewImporter) -> (artifact id: '1190669e4849d75ed16ee0a559a78a71') in 0.11534 seconds
Number of updated asset objects reloaded before import = 0Number of asset objects unloaded after import = 108

========================================================================
Received Import Request.
  Time since last request: 0.820302 seconds.
  path: Assets/04_Animations/Player (1)@Idle.fbx
  artifactKey: Guid(bb31eb2cb37f71f44b2a26281a0160f7) Importer(2089858483,b0f066a214c2f5e87bad3c948f4d605d)
Start importing Assets/04_Animations/Player (1)@Idle.fbx using Guid(bb31eb2cb37f71f44b2a26281a0160f7) Importer(2089858483,b0f066a214c2f5e87bad3c948f4d605d) (ScriptedImporter) -> (artifact id: '66951c7fb5e6b414e9debbf1b3c6c36b') in 0.0230299 seconds
Number of updated asset objects reloaded before import = 0Number of asset objects unloaded after import = 108

========================================================================
Received Import Request.
  Time since last request: 37.007522 seconds.
  path: Assets/04_Animations/tripo_convert_864fceea-b6e3-48c0-b56b-9c074c090ee4.fbx
  artifactKey: Guid(ebf00abad90f628479ba3edec81ce565) Importer(815301076,1909f56bfc062723c751e8b465ee728b)
Start importing Assets/04_Animations/tripo_convert_864fceea-b6e3-48c0-b56b-9c074c090ee4.fbx using Guid(ebf00abad90f628479ba3edec81ce565) Importer(815301076,1909f56bfc062723c751e8b465ee728b) (PreviewImporter) -> (artifact id: '121d33c2d8e696246bac103642d5d1e7') in 0.0320477 seconds
Number of updated asset objects reloaded before import = 0Number of asset objects unloaded after import = 9

========================================================================
Received Import Request.
  Time since last request: 0.921130 seconds.
  path: Assets/04_Animations/tripo_convert_864fceea-b6e3-48c0-b56b-9c074c090ee4.fbx
  artifactKey: Guid(ebf00abad90f628479ba3edec81ce565) Importer(2089858483,b0f066a214c2f5e87bad3c948f4d605d)
Start importing Assets/04_Animations/tripo_convert_864fceea-b6e3-48c0-b56b-9c074c090ee4.fbx using Guid(ebf00abad90f628479ba3edec81ce565) Importer(2089858483,b0f066a214c2f5e87bad3c948f4d605d) (ScriptedImporter) -> (artifact id: '27e578e4fc7eb4f0cd8b4fd13b7b0b5c') in 0.0329671 seconds
Number of updated asset objects reloaded before import = 0Number of asset objects unloaded after import = 9

========================================================================
Received Import Request.
  Time since last request: 23.590468 seconds.
  path: Assets/04_Animations/Player.fbx
  artifactKey: Guid(9d38efb3468c5dc429b1cfb0889ef408) Importer(815301076,1909f56bfc062723c751e8b465ee728b)
Start importing Assets/04_Animations/Player.fbx using Guid(9d38efb3468c5dc429b1cfb0889ef408) Importer(815301076,1909f56bfc062723c751e8b465ee728b) (PreviewImporter) -> (artifact id: '40a9ed1cc0c2603f94be9ef093e2ac66') in 0.0363583 seconds
Number of updated asset objects reloaded before import = 0Number of asset objects unloaded after import = 11

========================================================================
Received Import Request.
  Time since last request: 0.914937 seconds.
  path: Assets/04_Animations/Player.fbx
  artifactKey: Guid(9d38efb3468c5dc429b1cfb0889ef408) Importer(2089858483,b0f066a214c2f5e87bad3c948f4d605d)
Start importing Assets/04_Animations/Player.fbx using Guid(9d38efb3468c5dc429b1cfb0889ef408) Importer(2089858483,b0f066a214c2f5e87bad3c948f4d605d) (ScriptedImporter) -> (artifact id: '1605b2dcd399135634c8db16dfedad6b') in 0.0293719 seconds
Number of updated asset objects reloaded before import = 0Number of asset objects unloaded after import = 11

========================================================================
Received Import Request.
  Time since last request: 24.826401 seconds.
  path: Assets/04_Animations/Player (1)@Idle 1.fbx
  artifactKey: Guid(7c7958f4493e5834d8a86ab719a575ef) Importer(815301076,1909f56bfc062723c751e8b465ee728b)
Start importing Assets/04_Animations/Player (1)@Idle 1.fbx using Guid(7c7958f4493e5834d8a86ab719a575ef) Importer(815301076,1909f56bfc062723c751e8b465ee728b) (PreviewImporter) -> (artifact id: 'f567ef9b41040dba3113b2d4e91bc0c0') in 0.0829696 seconds
Number of updated asset objects reloaded before import = 0Number of asset objects unloaded after import = 108

========================================================================
Received Import Request.
  Time since last request: 0.868725 seconds.
  path: Assets/04_Animations/Player (1)@Idle 1.fbx
  artifactKey: Guid(7c7958f4493e5834d8a86ab719a575ef) Importer(2089858483,b0f066a214c2f5e87bad3c948f4d605d)
Start importing Assets/04_Animations/Player (1)@Idle 1.fbx using Guid(7c7958f4493e5834d8a86ab719a575ef) Importer(2089858483,b0f066a214c2f5e87bad3c948f4d605d) (ScriptedImporter) -> (artifact id: '56c7709db76db7af6d634a9956da3312') in 0.0285429 seconds
Number of updated asset objects reloaded before import = 0Number of asset objects unloaded after import = 108

========================================================================
Received Import Request.
  Time since last request: 41.481171 seconds.
  path: Assets/04_Animations/Player.fbx
  artifactKey: Guid(9d38efb3468c5dc429b1cfb0889ef408) Importer(815301076,1909f56bfc062723c751e8b465ee728b)
Start importing Assets/04_Animations/Player.fbx using Guid(9d38efb3468c5dc429b1cfb0889ef408) Importer(815301076,1909f56bfc062723c751e8b465ee728b) (PreviewImporter) -> (artifact id: '0b731a0709a3bf7c023ca0a7d23f7e1f') in 0.0447775 seconds
Number of updated asset objects reloaded before import = 0Number of asset objects unloaded after import = 11

========================================================================
Received Import Request.
  Time since last request: 0.909917 seconds.
  path: Assets/04_Animations/Player.fbx
  artifactKey: Guid(9d38efb3468c5dc429b1cfb0889ef408) Importer(2089858483,b0f066a214c2f5e87bad3c948f4d605d)
Start importing Assets/04_Animations/Player.fbx using Guid(9d38efb3468c5dc429b1cfb0889ef408) Importer(2089858483,b0f066a214c2f5e87bad3c948f4d605d) (ScriptedImporter) -> (artifact id: '344665b3d7a636189f3b2e7927a7a626') in 0.0294864 seconds
Number of updated asset objects reloaded before import = 0Number of asset objects unloaded after import = 11

========================================================================
Received Import Request.
  Time since last request: 41.794659 seconds.
  path: Assets/04_Animations/Player.fbx
  artifactKey: Guid(9d38efb3468c5dc429b1cfb0889ef408) Importer(815301076,1909f56bfc062723c751e8b465ee728b)
Start importing Assets/04_Animations/Player.fbx using Guid(9d38efb3468c5dc429b1cfb0889ef408) Importer(815301076,1909f56bfc062723c751e8b465ee728b) (PreviewImporter) -> (artifact id: '8966f477629f89fca1202c057a839272') in 0.1012869 seconds
Number of updated asset objects reloaded before import = 0Number of asset objects unloaded after import = 11

========================================================================
Received Import Request.
  Time since last request: 0.849356 seconds.
  path: Assets/04_Animations/Player.fbx
  artifactKey: Guid(9d38efb3468c5dc429b1cfb0889ef408) Importer(2089858483,b0f066a214c2f5e87bad3c948f4d605d)
Start importing Assets/04_Animations/Player.fbx using Guid(9d38efb3468c5dc429b1cfb0889ef408) Importer(2089858483,b0f066a214c2f5e87bad3c948f4d605d) (ScriptedImporter) -> (artifact id: 'ab4408f015c33272b06e2859f796105a') in 0.031037 seconds
Number of updated asset objects reloaded before import = 0Number of asset objects unloaded after import = 11

========================================================================
Received Import Request.
  Time since last request: 37.397110 seconds.
  path: Assets/04_Animations/Player (1)@Idle 1.fbx
  artifactKey: Guid(7c7958f4493e5834d8a86ab719a575ef) Importer(815301076,1909f56bfc062723c751e8b465ee728b)
Start importing Assets/04_Animations/Player (1)@Idle 1.fbx using Guid(7c7958f4493e5834d8a86ab719a575ef) Importer(815301076,1909f56bfc062723c751e8b465ee728b) (PreviewImporter) -> (artifact id: '289e9821b79214745636beae3c9cfdab') in 0.1081723 seconds
Number of updated asset objects reloaded before import = 0Number of asset objects unloaded after import = 108

========================================================================
Received Import Request.
  Time since last request: 0.778477 seconds.
  path: Assets/04_Animations/Player (1)@Idle 1.fbx
  artifactKey: Guid(7c7958f4493e5834d8a86ab719a575ef) Importer(2089858483,b0f066a214c2f5e87bad3c948f4d605d)
Start importing Assets/04_Animations/Player (1)@Idle 1.fbx using Guid(7c7958f4493e5834d8a86ab719a575ef) Importer(2089858483,b0f066a214c2f5e87bad3c948f4d605d) (ScriptedImporter) -> (artifact id: '27735090e604131a0f3c5d657aa49f58') in 0.0372276 seconds
Number of updated asset objects reloaded before import = 0Number of asset objects unloaded after import = 108

========================================================================
Received Import Request.
  Time since last request: 64.760082 seconds.
  path: Packages/com.unity.render-pipelines.core/Runtime/RenderPipelineResources/Mesh/BackgroundMesh.fbx
  artifactKey: Guid(b9ae429aca254fa41966db24b9e53232) Importer(815301076,1909f56bfc062723c751e8b465ee728b)
Start importing Packages/com.unity.render-pipelines.core/Runtime/RenderPipelineResources/Mesh/BackgroundMesh.fbx using Guid(b9ae429aca254fa41966db24b9e53232) Importer(815301076,1909f56bfc062723c751e8b465ee728b) (PreviewImporter) -> (artifact id: 'bdc366cbf78d8969e6d913a52febe680') in 0.0301428 seconds
Number of updated asset objects reloaded before import = 0Number of asset objects unloaded after import = 7

========================================================================
Received Import Request.
  Time since last request: 0.000038 seconds.
  path: Packages/com.unity.render-pipelines.core/Runtime/RenderPipelineResources/Mesh/SamplesSpotlightModel.fbx
  artifactKey: Guid(4e8732d4875cc0647b52b55a218072b6) Importer(815301076,1909f56bfc062723c751e8b465ee728b)
Start importing Packages/com.unity.render-pipelines.core/Runtime/RenderPipelineResources/Mesh/SamplesSpotlightModel.fbx using Guid(4e8732d4875cc0647b52b55a218072b6) Importer(815301076,1909f56bfc062723c751e8b465ee728b) (PreviewImporter) -> (artifact id: '74a463a8315eae4f8709d9ac15e5008f') in 0.0832757 seconds
Number of updated asset objects reloaded before import = 0Number of asset objects unloaded after import = 42

========================================================================
Received Import Request.
  Time since last request: 0.000065 seconds.
  path: Packages/com.unity.render-pipelines.core/Runtime/RenderPipelineResources/Mesh/SamplesFixture.fbx
  artifactKey: Guid(b28fa67a0ff82c5478f27368dc627683) Importer(815301076,1909f56bfc062723c751e8b465ee728b)
Start importing Packages/com.unity.render-pipelines.core/Runtime/RenderPipelineResources/Mesh/SamplesFixture.fbx using Guid(b28fa67a0ff82c5478f27368dc627683) Importer(815301076,1909f56bfc062723c751e8b465ee728b) (PreviewImporter) -> (artifact id: '4afe284295413728a502690438944414') in 0.0478466 seconds
Number of updated asset objects reloaded before import = 0Number of asset objects unloaded after import = 9

========================================================================
Received Import Request.
  Time since last request: 31.319543 seconds.
  path: Assets/04_Animations/Player.fbx
  artifactKey: Guid(9d38efb3468c5dc429b1cfb0889ef408) Importer(815301076,1909f56bfc062723c751e8b465ee728b)
Start importing Assets/04_Animations/Player.fbx using Guid(9d38efb3468c5dc429b1cfb0889ef408) Importer(815301076,1909f56bfc062723c751e8b465ee728b) (PreviewImporter) -> (artifact id: 'd05825ea6b92b62250e8c229592be8c1') in 0.0440194 seconds
Number of updated asset objects reloaded before import = 0Number of asset objects unloaded after import = 11

========================================================================
Received Import Request.
  Time since last request: 0.908269 seconds.
  path: Assets/04_Animations/Player.fbx
  artifactKey: Guid(9d38efb3468c5dc429b1cfb0889ef408) Importer(2089858483,b0f066a214c2f5e87bad3c948f4d605d)
Start importing Assets/04_Animations/Player.fbx using Guid(9d38efb3468c5dc429b1cfb0889ef408) Importer(2089858483,b0f066a214c2f5e87bad3c948f4d605d) (ScriptedImporter) -> (artifact id: '740f62cca6c7fe21a136890bf2bbf962') in 0.0337377 seconds
Number of updated asset objects reloaded before import = 0Number of asset objects unloaded after import = 11

========================================================================
Received Import Request.
  Time since last request: 8.642756 seconds.
  path: Assets/04_Animations/Player (1)@Idle 1.fbx
  artifactKey: Guid(7c7958f4493e5834d8a86ab719a575ef) Importer(815301076,1909f56bfc062723c751e8b465ee728b)
Start importing Assets/04_Animations/Player (1)@Idle 1.fbx using Guid(7c7958f4493e5834d8a86ab719a575ef) Importer(815301076,1909f56bfc062723c751e8b465ee728b) (PreviewImporter) -> (artifact id: 'b66b6f2c3a94ed4ee6bb437960a1cbff') in 0.0536918 seconds
Number of updated asset objects reloaded before import = 0Number of asset objects unloaded after import = 109

========================================================================
Received Import Request.
  Time since last request: 0.858864 seconds.
  path: Assets/04_Animations/Player (1)@Idle 1.fbx
  artifactKey: Guid(7c7958f4493e5834d8a86ab719a575ef) Importer(2089858483,b0f066a214c2f5e87bad3c948f4d605d)
Start importing Assets/04_Animations/Player (1)@Idle 1.fbx using Guid(7c7958f4493e5834d8a86ab719a575ef) Importer(2089858483,b0f066a214c2f5e87bad3c948f4d605d) (ScriptedImporter) -> (artifact id: '56a4c9e31c8e4bd5d998340e09382c16') in 0.0381427 seconds
Number of updated asset objects reloaded before import = 0Number of asset objects unloaded after import = 110

========================================================================
Received Import Request.
  Time since last request: 12.351128 seconds.
  path: Assets/04_Animations/Player (1)@Walking.fbx
  artifactKey: Guid(7fd1f0e78c2705e408336eb34e3add6c) Importer(815301076,1909f56bfc062723c751e8b465ee728b)
Start importing Assets/04_Animations/Player (1)@Walking.fbx using Guid(7fd1f0e78c2705e408336eb34e3add6c) Importer(815301076,1909f56bfc062723c751e8b465ee728b) (PreviewImporter) -> (artifact id: '736de8c20fbc87f6f1c49daed1250cb7') in 0.0964238 seconds
Number of updated asset objects reloaded before import = 0Number of asset objects unloaded after import = 109

========================================================================
Received Import Request.
  Time since last request: 0.860337 seconds.
  path: Assets/04_Animations/Player (1)@Walking.fbx
  artifactKey: Guid(7fd1f0e78c2705e408336eb34e3add6c) Importer(2089858483,b0f066a214c2f5e87bad3c948f4d605d)
Start importing Assets/04_Animations/Player (1)@Walking.fbx using Guid(7fd1f0e78c2705e408336eb34e3add6c) Importer(2089858483,b0f066a214c2f5e87bad3c948f4d605d) (ScriptedImporter) -> (artifact id: 'd18d28980340087a0830bdb2b7d0e1b5') in 0.031169 seconds
Number of updated asset objects reloaded before import = 0Number of asset objects unloaded after import = 110

========================================================================
Received Import Request.
  Time since last request: 367.168387 seconds.
  path: Assets/04_Animations/Player.fbx
  artifactKey: Guid(9d38efb3468c5dc429b1cfb0889ef408) Importer(815301076,1909f56bfc062723c751e8b465ee728b)
Start importing Assets/04_Animations/Player.fbx using Guid(9d38efb3468c5dc429b1cfb0889ef408) Importer(815301076,1909f56bfc062723c751e8b465ee728b) (PreviewImporter) -> (artifact id: 'bdad63420e9cf5ac6269bf19d002d082') in 0.0739579 seconds
Number of updated asset objects reloaded before import = 0Number of asset objects unloaded after import = 9

========================================================================
Received Import Request.
  Time since last request: 0.739195 seconds.
  path: Assets/04_Animations/Player.fbx
  artifactKey: Guid(9d38efb3468c5dc429b1cfb0889ef408) Importer(2089858483,b0f066a214c2f5e87bad3c948f4d605d)
Start importing Assets/04_Animations/Player.fbx using Guid(9d38efb3468c5dc429b1cfb0889ef408) Importer(2089858483,b0f066a214c2f5e87bad3c948f4d605d) (ScriptedImporter) -> (artifact id: '08983e8ea153b1fdcaceee24688add89') in 0.0246263 seconds
Number of updated asset objects reloaded before import = 0Number of asset objects unloaded after import = 9

========================================================================
Received Import Request.
  Time since last request: 6.056533 seconds.
  path: Assets/04_Animations/Player.fbx
  artifactKey: Guid(9d38efb3468c5dc429b1cfb0889ef408) Importer(815301076,1909f56bfc062723c751e8b465ee728b)
Start importing Assets/04_Animations/Player.fbx using Guid(9d38efb3468c5dc429b1cfb0889ef408) Importer(815301076,1909f56bfc062723c751e8b465ee728b) (PreviewImporter) -> (artifact id: 'b00bd5e5f94be9323d9509de7f1ff274') in 0.041393 seconds
Number of updated asset objects reloaded before import = 0Number of asset objects unloaded after import = 11

========================================================================
Received Import Request.
  Time since last request: 0.914218 seconds.
  path: Assets/04_Animations/Player.fbx
  artifactKey: Guid(9d38efb3468c5dc429b1cfb0889ef408) Importer(2089858483,b0f066a214c2f5e87bad3c948f4d605d)
Start importing Assets/04_Animations/Player.fbx using Guid(9d38efb3468c5dc429b1cfb0889ef408) Importer(2089858483,b0f066a214c2f5e87bad3c948f4d605d) (ScriptedImporter) -> (artifact id: 'eb83d49c1f2043a3c2eac627070b458e') in 0.0370004 seconds
Number of updated asset objects reloaded before import = 0Number of asset objects unloaded after import = 11

========================================================================
Received Import Request.
  Time since last request: 68734.019747 seconds.
  path: Assets/04_Animations/Player.fbx
  artifactKey: Guid(9d38efb3468c5dc429b1cfb0889ef408) Importer(815301076,1909f56bfc062723c751e8b465ee728b)
Start importing Assets/04_Animations/Player.fbx using Guid(9d38efb3468c5dc429b1cfb0889ef408) Importer(815301076,1909f56bfc062723c751e8b465ee728b) (PreviewImporter) -> (artifact id: '0695d0e30f33dfb0bb4d9eb3a076c57b') in 0.1029242 seconds
Number of updated asset objects reloaded before import = 0Number of asset objects unloaded after import = 11

========================================================================
Received Import Request.
  Time since last request: 0.722005 seconds.
  path: Assets/04_Animations/Player.fbx
  artifactKey: Guid(9d38efb3468c5dc429b1cfb0889ef408) Importer(2089858483,b0f066a214c2f5e87bad3c948f4d605d)
Start importing Assets/04_Animations/Player.fbx using Guid(9d38efb3468c5dc429b1cfb0889ef408) Importer(2089858483,b0f066a214c2f5e87bad3c948f4d605d) (ScriptedImporter) -> (artifact id: '1d75299a44c8fd274b2b0a7e08d2ef77') in 0.0490347 seconds
Number of updated asset objects reloaded before import = 0Number of asset objects unloaded after import = 11

